// Jest Snapshot v1, https://goo.gl/fbAQLP

exports[`EC - Skip Link Default renders correctly 1`] = `
<a
  class="ecl-skip-link"
  href="#top"
>
  Skip to main content
</a>
`;

exports[`EC - Skip Link renders correctly 1`] = `
<a
  class="ecl-skip-link"
  href=""
/>
`;
