// Jest Snapshot v1, https://goo.gl/fbAQLP

exports[`EU - Blockquote renders correctly 1`] = `
"<blockquote class=\\"ecl-blockquote\\">
  <p class=\\"ecl-blockquote__body\\"></p>
  <footer class=\\"ecl-blockquote__attribution\\">
    <cite class=\\"ecl-blockquote__author\\"></cite>
  </footer>
</blockquote>
"
`;
