// Jest Snapshot v1, https://goo.gl/fbAQLP

exports[`EC - Search Form Default renders correctly 1`] = `
<form
  class="ecl-search-form"
  role="search"
>
  <div
    class="ecl-form-group ecl-form-group--text-input"
  >
    <input
      class="ecl-text-input ecl-search-form__text-input"
      id="input-email"
      name="email"
      placeholder=""
      type="text"
    />
  </div>
  <button
    class="ecl-button ecl-button--search ecl-search-form__button"
    type="submit"
  >
    <span
      class="ecl-button__container"
    >
      <span
        class="ecl-button__label"
        data-ecl-label=""
      >
        Search
      </span>
      <svg
        aria-hidden="true"
        class="ecl-icon ecl-icon--fluid ecl-button__icon ecl-button__icon--after"
        focusable="false"
      >
        <use
          xlink:href="static/icons.svg#general--search"
        />
      </svg>
    </span>
  </button>
</form>
`;
