// Jest Snapshot v1, https://goo.gl/fbAQLP

exports[`EC - Blockquote renders correctly 1`] = `
"<blockquote class=\\"ecl-blockquote\\">
  <p class=\\"ecl-blockquote__body\\">
    An interconnected grid will help deliver the ultimate goal of the Energy
    Union, to ensure affordable, secure and sustainable energy, and also growth
    across the EU.
  </p>
  <footer class=\\"ecl-blockquote__attribution\\">
    <cite class=\\"ecl-blockquote__author\\">President Juncker</cite>
  </footer>
</blockquote>
"
`;
