// Jest Snapshot v1, https://goo.gl/fbAQLP

exports[`EC - Hero Banner align-left - renders correctly 1`] = `
<section
  class="ecl-hero-banner ecl-hero-banner--default"
>
  <div
    class="ecl-container ecl-hero-banner__container"
  >
    <div
      class="ecl-hero-banner__content"
    >
      <h1
        class="ecl-hero-banner__title"
      >
        EU Budget for the future (default)
      </h1>
      <p
        class="ecl-hero-banner__description"
      >
        The European Commission has put forward ambitious yet realistic proposals for a modern EU budget. It is time for an EU budget that reflects rapid developments in innovation, the economy, the environment and geopolitics, amongst others.
      </p>
      <button
        class="ecl-button ecl-button--call ecl-hero-banner__button"
        type="submit"
      >
        <span
          class="ecl-button__container"
        >
          <span
            class="ecl-button__label"
            data-ecl-label=""
          >
            Subscribe
          </span>
          <svg
            aria-hidden="true"
            class="ecl-icon ecl-icon--xs ecl-icon--rotate-90 ecl-button__icon ecl-button__icon--after"
            focusable="false"
          >
            <use
              xlink:href="static/icons.svg#ui--corner-arrow"
            />
          </svg>
        </span>
      </button>
    </div>
  </div>
</section>
`;

exports[`EC - Hero Banner align-left renders correctly with extra attributes 1`] = `
<section
  class="ecl-hero-banner ecl-hero-banner--default"
  data-test="data-test-value"
  data-test-1="data-test-value-1"
>
  <div
    class="ecl-container ecl-hero-banner__container"
  >
    <div
      class="ecl-hero-banner__content"
    >
      <h1
        class="ecl-hero-banner__title"
      >
        EU Budget for the future (default)
      </h1>
      <p
        class="ecl-hero-banner__description"
      >
        The European Commission has put forward ambitious yet realistic proposals for a modern EU budget. It is time for an EU budget that reflects rapid developments in innovation, the economy, the environment and geopolitics, amongst others.
      </p>
      <button
        class="ecl-button ecl-button--call ecl-hero-banner__button"
        type="submit"
      >
        <span
          class="ecl-button__container"
        >
          <span
            class="ecl-button__label"
            data-ecl-label=""
          >
            Subscribe
          </span>
          <svg
            aria-hidden="true"
            class="ecl-icon ecl-icon--xs ecl-icon--rotate-90 ecl-button__icon ecl-button__icon--after"
            focusable="false"
          >
            <use
              xlink:href="static/icons.svg#ui--corner-arrow"
            />
          </svg>
        </span>
      </button>
    </div>
  </div>
</section>
`;

exports[`EC - Hero Banner align-left renders correctly with extra class names 1`] = `
<section
  class="ecl-hero-banner ecl-hero-banner--default custom-class custom-class--test"
>
  <div
    class="ecl-container ecl-hero-banner__container"
  >
    <div
      class="ecl-hero-banner__content"
    >
      <h1
        class="ecl-hero-banner__title"
      >
        EU Budget for the future (default)
      </h1>
      <p
        class="ecl-hero-banner__description"
      >
        The European Commission has put forward ambitious yet realistic proposals for a modern EU budget. It is time for an EU budget that reflects rapid developments in innovation, the economy, the environment and geopolitics, amongst others.
      </p>
      <button
        class="ecl-button ecl-button--call ecl-hero-banner__button"
        type="submit"
      >
        <span
          class="ecl-button__container"
        >
          <span
            class="ecl-button__label"
            data-ecl-label=""
          >
            Subscribe
          </span>
          <svg
            aria-hidden="true"
            class="ecl-icon ecl-icon--xs ecl-icon--rotate-90 ecl-button__icon ecl-button__icon--after"
            focusable="false"
          >
            <use
              xlink:href="static/icons.svg#ui--corner-arrow"
            />
          </svg>
        </span>
      </button>
    </div>
  </div>
</section>
`;

exports[`EC - Hero Banner default - renders correctly 1`] = `
<section
  class="ecl-hero-banner ecl-hero-banner--default ecl-hero-banner--centered"
>
  <div
    class="ecl-container ecl-hero-banner__container"
  >
    <div
      class="ecl-hero-banner__content"
    >
      <h1
        class="ecl-hero-banner__title"
      >
        EU Budget for the future (default)
      </h1>
      <p
        class="ecl-hero-banner__description"
      >
        The European Commission has put forward ambitious yet realistic proposals for a modern EU budget. It is time for an EU budget that reflects rapid developments in innovation, the economy, the environment and geopolitics, amongst others.
      </p>
      <button
        class="ecl-button ecl-button--call ecl-hero-banner__button"
        type="submit"
      >
        <span
          class="ecl-button__container"
        >
          <span
            class="ecl-button__label"
            data-ecl-label=""
          >
            Subscribe
          </span>
          <svg
            aria-hidden="true"
            class="ecl-icon ecl-icon--xs ecl-icon--rotate-90 ecl-button__icon ecl-button__icon--after"
            focusable="false"
          >
            <use
              xlink:href="static/icons.svg#ui--corner-arrow"
            />
          </svg>
        </span>
      </button>
    </div>
  </div>
</section>
`;

exports[`EC - Hero Banner default renders correctly with extra attributes 1`] = `
<section
  class="ecl-hero-banner ecl-hero-banner--default ecl-hero-banner--centered"
  data-test="data-test-value"
  data-test-1="data-test-value-1"
>
  <div
    class="ecl-container ecl-hero-banner__container"
  >
    <div
      class="ecl-hero-banner__content"
    >
      <h1
        class="ecl-hero-banner__title"
      >
        EU Budget for the future (default)
      </h1>
      <p
        class="ecl-hero-banner__description"
      >
        The European Commission has put forward ambitious yet realistic proposals for a modern EU budget. It is time for an EU budget that reflects rapid developments in innovation, the economy, the environment and geopolitics, amongst others.
      </p>
      <button
        class="ecl-button ecl-button--call ecl-hero-banner__button"
        type="submit"
      >
        <span
          class="ecl-button__container"
        >
          <span
            class="ecl-button__label"
            data-ecl-label=""
          >
            Subscribe
          </span>
          <svg
            aria-hidden="true"
            class="ecl-icon ecl-icon--xs ecl-icon--rotate-90 ecl-button__icon ecl-button__icon--after"
            focusable="false"
          >
            <use
              xlink:href="static/icons.svg#ui--corner-arrow"
            />
          </svg>
        </span>
      </button>
    </div>
  </div>
</section>
`;

exports[`EC - Hero Banner default renders correctly with extra class names 1`] = `
<section
  class="ecl-hero-banner ecl-hero-banner--default ecl-hero-banner--centered custom-class custom-class--test"
>
  <div
    class="ecl-container ecl-hero-banner__container"
  >
    <div
      class="ecl-hero-banner__content"
    >
      <h1
        class="ecl-hero-banner__title"
      >
        EU Budget for the future (default)
      </h1>
      <p
        class="ecl-hero-banner__description"
      >
        The European Commission has put forward ambitious yet realistic proposals for a modern EU budget. It is time for an EU budget that reflects rapid developments in innovation, the economy, the environment and geopolitics, amongst others.
      </p>
      <button
        class="ecl-button ecl-button--call ecl-hero-banner__button"
        type="submit"
      >
        <span
          class="ecl-button__container"
        >
          <span
            class="ecl-button__label"
            data-ecl-label=""
          >
            Subscribe
          </span>
          <svg
            aria-hidden="true"
            class="ecl-icon ecl-icon--xs ecl-icon--rotate-90 ecl-button__icon ecl-button__icon--after"
            focusable="false"
          >
            <use
              xlink:href="static/icons.svg#ui--corner-arrow"
            />
          </svg>
        </span>
      </button>
    </div>
  </div>
</section>
`;

exports[`EC - Hero Banner image - renders correctly 1`] = `
<section
  class="ecl-hero-banner ecl-hero-banner--image ecl-hero-banner--centered"
>
  <div
    class="ecl-hero-banner__image"
    style="background-image:url(https://v2--europa-component-library.netlify.com/example-image.jpg)"
  />
  <div
    class="ecl-container ecl-hero-banner__container"
  >
    <div
      class="ecl-hero-banner__content"
    >
      <h1
        class="ecl-hero-banner__title"
      >
        EU Budget for the future (image)
      </h1>
      <p
        class="ecl-hero-banner__description"
      >
        The European Commission has put forward ambitious yet realistic proposals for a modern EU budget. It is time for an EU budget that reflects rapid developments in innovation, the economy, the environment and geopolitics, amongst others.
      </p>
      <button
        class="ecl-button ecl-button--call ecl-hero-banner__button"
        type="submit"
      >
        <span
          class="ecl-button__container"
        >
          <span
            class="ecl-button__label"
            data-ecl-label=""
          >
            Subscribe
          </span>
          <svg
            aria-hidden="true"
            class="ecl-icon ecl-icon--xs ecl-icon--rotate-90 ecl-button__icon ecl-button__icon--after"
            focusable="false"
          >
            <use
              xlink:href="static/icons.svg#ui--corner-arrow"
            />
          </svg>
        </span>
      </button>
    </div>
  </div>
</section>
`;

exports[`EC - Hero Banner image renders correctly with extra attributes 1`] = `
<section
  class="ecl-hero-banner ecl-hero-banner--image ecl-hero-banner--centered"
  data-test="data-test-value"
  data-test-1="data-test-value-1"
>
  <div
    class="ecl-hero-banner__image"
    style="background-image:url(https://v2--europa-component-library.netlify.com/example-image.jpg)"
  />
  <div
    class="ecl-container ecl-hero-banner__container"
  >
    <div
      class="ecl-hero-banner__content"
    >
      <h1
        class="ecl-hero-banner__title"
      >
        EU Budget for the future (image)
      </h1>
      <p
        class="ecl-hero-banner__description"
      >
        The European Commission has put forward ambitious yet realistic proposals for a modern EU budget. It is time for an EU budget that reflects rapid developments in innovation, the economy, the environment and geopolitics, amongst others.
      </p>
      <button
        class="ecl-button ecl-button--call ecl-hero-banner__button"
        type="submit"
      >
        <span
          class="ecl-button__container"
        >
          <span
            class="ecl-button__label"
            data-ecl-label=""
          >
            Subscribe
          </span>
          <svg
            aria-hidden="true"
            class="ecl-icon ecl-icon--xs ecl-icon--rotate-90 ecl-button__icon ecl-button__icon--after"
            focusable="false"
          >
            <use
              xlink:href="static/icons.svg#ui--corner-arrow"
            />
          </svg>
        </span>
      </button>
    </div>
  </div>
</section>
`;

exports[`EC - Hero Banner image renders correctly with extra class names 1`] = `
<section
  class="ecl-hero-banner ecl-hero-banner--image ecl-hero-banner--centered custom-class custom-class--test"
>
  <div
    class="ecl-hero-banner__image"
    style="background-image:url(https://v2--europa-component-library.netlify.com/example-image.jpg)"
  />
  <div
    class="ecl-container ecl-hero-banner__container"
  >
    <div
      class="ecl-hero-banner__content"
    >
      <h1
        class="ecl-hero-banner__title"
      >
        EU Budget for the future (image)
      </h1>
      <p
        class="ecl-hero-banner__description"
      >
        The European Commission has put forward ambitious yet realistic proposals for a modern EU budget. It is time for an EU budget that reflects rapid developments in innovation, the economy, the environment and geopolitics, amongst others.
      </p>
      <button
        class="ecl-button ecl-button--call ecl-hero-banner__button"
        type="submit"
      >
        <span
          class="ecl-button__container"
        >
          <span
            class="ecl-button__label"
            data-ecl-label=""
          >
            Subscribe
          </span>
          <svg
            aria-hidden="true"
            class="ecl-icon ecl-icon--xs ecl-icon--rotate-90 ecl-button__icon ecl-button__icon--after"
            focusable="false"
          >
            <use
              xlink:href="static/icons.svg#ui--corner-arrow"
            />
          </svg>
        </span>
      </button>
    </div>
  </div>
</section>
`;

exports[`EC - Hero Banner image-shade - renders correctly 1`] = `
<section
  class="ecl-hero-banner ecl-hero-banner--image-shade ecl-hero-banner--centered"
>
  <div
    class="ecl-hero-banner__image"
    style="background-image:url(https://v2--europa-component-library.netlify.com/example-image.jpg)"
  />
  <div
    class="ecl-container ecl-hero-banner__container"
  >
    <div
      class="ecl-hero-banner__content"
    >
      <h1
        class="ecl-hero-banner__title"
      >
        EU Budget for the future (image shade)
      </h1>
      <p
        class="ecl-hero-banner__description"
      >
        The European Commission has put forward ambitious yet realistic proposals for a modern EU budget. It is time for an EU budget that reflects rapid developments in innovation, the economy, the environment and geopolitics, amongst others.
      </p>
      <button
        class="ecl-button ecl-button--call ecl-hero-banner__button"
        type="submit"
      >
        <span
          class="ecl-button__container"
        >
          <span
            class="ecl-button__label"
            data-ecl-label=""
          >
            Subscribe
          </span>
          <svg
            aria-hidden="true"
            class="ecl-icon ecl-icon--xs ecl-icon--rotate-90 ecl-button__icon ecl-button__icon--after"
            focusable="false"
          >
            <use
              xlink:href="static/icons.svg#ui--corner-arrow"
            />
          </svg>
        </span>
      </button>
    </div>
  </div>
</section>
`;

exports[`EC - Hero Banner image-shade renders correctly with extra attributes 1`] = `
<section
  class="ecl-hero-banner ecl-hero-banner--image-shade ecl-hero-banner--centered"
  data-test="data-test-value"
  data-test-1="data-test-value-1"
>
  <div
    class="ecl-hero-banner__image"
    style="background-image:url(https://v2--europa-component-library.netlify.com/example-image.jpg)"
  />
  <div
    class="ecl-container ecl-hero-banner__container"
  >
    <div
      class="ecl-hero-banner__content"
    >
      <h1
        class="ecl-hero-banner__title"
      >
        EU Budget for the future (image shade)
      </h1>
      <p
        class="ecl-hero-banner__description"
      >
        The European Commission has put forward ambitious yet realistic proposals for a modern EU budget. It is time for an EU budget that reflects rapid developments in innovation, the economy, the environment and geopolitics, amongst others.
      </p>
      <button
        class="ecl-button ecl-button--call ecl-hero-banner__button"
        type="submit"
      >
        <span
          class="ecl-button__container"
        >
          <span
            class="ecl-button__label"
            data-ecl-label=""
          >
            Subscribe
          </span>
          <svg
            aria-hidden="true"
            class="ecl-icon ecl-icon--xs ecl-icon--rotate-90 ecl-button__icon ecl-button__icon--after"
            focusable="false"
          >
            <use
              xlink:href="static/icons.svg#ui--corner-arrow"
            />
          </svg>
        </span>
      </button>
    </div>
  </div>
</section>
`;

exports[`EC - Hero Banner image-shade renders correctly with extra class names 1`] = `
<section
  class="ecl-hero-banner ecl-hero-banner--image-shade ecl-hero-banner--centered custom-class custom-class--test"
>
  <div
    class="ecl-hero-banner__image"
    style="background-image:url(https://v2--europa-component-library.netlify.com/example-image.jpg)"
  />
  <div
    class="ecl-container ecl-hero-banner__container"
  >
    <div
      class="ecl-hero-banner__content"
    >
      <h1
        class="ecl-hero-banner__title"
      >
        EU Budget for the future (image shade)
      </h1>
      <p
        class="ecl-hero-banner__description"
      >
        The European Commission has put forward ambitious yet realistic proposals for a modern EU budget. It is time for an EU budget that reflects rapid developments in innovation, the economy, the environment and geopolitics, amongst others.
      </p>
      <button
        class="ecl-button ecl-button--call ecl-hero-banner__button"
        type="submit"
      >
        <span
          class="ecl-button__container"
        >
          <span
            class="ecl-button__label"
            data-ecl-label=""
          >
            Subscribe
          </span>
          <svg
            aria-hidden="true"
            class="ecl-icon ecl-icon--xs ecl-icon--rotate-90 ecl-button__icon ecl-button__icon--after"
            focusable="false"
          >
            <use
              xlink:href="static/icons.svg#ui--corner-arrow"
            />
          </svg>
        </span>
      </button>
    </div>
  </div>
</section>
`;

exports[`EC - Hero Banner primary - renders correctly 1`] = `
<section
  class="ecl-hero-banner ecl-hero-banner--primary ecl-hero-banner--centered"
>
  <div
    class="ecl-container ecl-hero-banner__container"
  >
    <div
      class="ecl-hero-banner__content"
    >
      <h1
        class="ecl-hero-banner__title"
      >
        EU Budget for the future (primary)
      </h1>
      <p
        class="ecl-hero-banner__description"
      >
        The European Commission has put forward ambitious yet realistic proposals for a modern EU budget. It is time for an EU budget that reflects rapid developments in innovation, the economy, the environment and geopolitics, amongst others.
      </p>
      <button
        class="ecl-button ecl-button--call ecl-hero-banner__button"
        type="submit"
      >
        <span
          class="ecl-button__container"
        >
          <span
            class="ecl-button__label"
            data-ecl-label=""
          >
            Subscribe
          </span>
          <svg
            aria-hidden="true"
            class="ecl-icon ecl-icon--xs ecl-icon--rotate-90 ecl-button__icon ecl-button__icon--after"
            focusable="false"
          >
            <use
              xlink:href="static/icons.svg#ui--corner-arrow"
            />
          </svg>
        </span>
      </button>
    </div>
  </div>
</section>
`;

exports[`EC - Hero Banner primary renders correctly with extra attributes 1`] = `
<section
  class="ecl-hero-banner ecl-hero-banner--primary ecl-hero-banner--centered"
  data-test="data-test-value"
  data-test-1="data-test-value-1"
>
  <div
    class="ecl-container ecl-hero-banner__container"
  >
    <div
      class="ecl-hero-banner__content"
    >
      <h1
        class="ecl-hero-banner__title"
      >
        EU Budget for the future (primary)
      </h1>
      <p
        class="ecl-hero-banner__description"
      >
        The European Commission has put forward ambitious yet realistic proposals for a modern EU budget. It is time for an EU budget that reflects rapid developments in innovation, the economy, the environment and geopolitics, amongst others.
      </p>
      <button
        class="ecl-button ecl-button--call ecl-hero-banner__button"
        type="submit"
      >
        <span
          class="ecl-button__container"
        >
          <span
            class="ecl-button__label"
            data-ecl-label=""
          >
            Subscribe
          </span>
          <svg
            aria-hidden="true"
            class="ecl-icon ecl-icon--xs ecl-icon--rotate-90 ecl-button__icon ecl-button__icon--after"
            focusable="false"
          >
            <use
              xlink:href="static/icons.svg#ui--corner-arrow"
            />
          </svg>
        </span>
      </button>
    </div>
  </div>
</section>
`;

exports[`EC - Hero Banner primary renders correctly with extra class names 1`] = `
<section
  class="ecl-hero-banner ecl-hero-banner--primary ecl-hero-banner--centered custom-class custom-class--test"
>
  <div
    class="ecl-container ecl-hero-banner__container"
  >
    <div
      class="ecl-hero-banner__content"
    >
      <h1
        class="ecl-hero-banner__title"
      >
        EU Budget for the future (primary)
      </h1>
      <p
        class="ecl-hero-banner__description"
      >
        The European Commission has put forward ambitious yet realistic proposals for a modern EU budget. It is time for an EU budget that reflects rapid developments in innovation, the economy, the environment and geopolitics, amongst others.
      </p>
      <button
        class="ecl-button ecl-button--call ecl-hero-banner__button"
        type="submit"
      >
        <span
          class="ecl-button__container"
        >
          <span
            class="ecl-button__label"
            data-ecl-label=""
          >
            Subscribe
          </span>
          <svg
            aria-hidden="true"
            class="ecl-icon ecl-icon--xs ecl-icon--rotate-90 ecl-button__icon ecl-button__icon--after"
            focusable="false"
          >
            <use
              xlink:href="static/icons.svg#ui--corner-arrow"
            />
          </svg>
        </span>
      </button>
    </div>
  </div>
</section>
`;
