// Jest Snapshot v1, https://goo.gl/fbAQLP

exports[`EC - Page Header Standardised meta-title - renders correctly 1`] = `
<div
  class="ecl-page-header-standardised"
>
  <div
    class="ecl-container"
  >
    <nav
      aria-label="You are here:"
      class="ecl-breadcrumb ecl-page-header__breadcrumb-standardised"
      data-ecl-auto-init="Breadcrumb"
      data-ecl-breadcrumb="true"
    >
      <ol
        class="ecl-breadcrumb__container"
      >
        <li
          aria-hidden="false"
          class="ecl-breadcrumb__segment"
          data-ecl-breadcrumb-item="static"
        >
          <a
            class="ecl-link ecl-link--standalone ecl-breadcrumb__link"
            href="/example"
          >
            Home
          </a>
          <svg
            aria-hidden="true"
            class="ecl-icon ecl-icon--xs ecl-icon--rotate-90 ecl-icon--inverted ecl-breadcrumb__icon"
            focusable="false"
            role="presentation"
          >
            <use
              xlink:href="static/icons.svg#ui--corner-arrow"
            />
          </svg>
        </li>
        <li
          aria-hidden="false"
          class="ecl-breadcrumb__segment ecl-breadcrumb__segment--ellipsis"
          data-ecl-breadcrumb-ellipsis="true"
        >
          <button
            aria-label=""
            class="ecl-breadcrumb__ellipsis"
            data-ecl-breadcrumb-ellipsis-button="true"
            type="button"
          >
            …
          </button>
          <svg
            aria-hidden="true"
            class="ecl-icon ecl-icon--xs ecl-icon--rotate-90 ecl-icon--inverted ecl-breadcrumb__icon"
            focusable="false"
            role="presentation"
          >
            <use
              xlink:href="static/icons.svg#ui--corner-arrow"
            />
          </svg>
        </li>
        <li
          aria-hidden="true"
          class="ecl-breadcrumb__segment"
          data-ecl-breadcrumb-item="expandable"
        >
          <a
            class="ecl-link ecl-link--standalone ecl-breadcrumb__link"
            href="/example"
          >
            About the European Commission
          </a>
          <svg
            aria-hidden="true"
            class="ecl-icon ecl-icon--xs ecl-icon--rotate-90 ecl-icon--inverted ecl-breadcrumb__icon"
            focusable="false"
            role="presentation"
          >
            <use
              xlink:href="static/icons.svg#ui--corner-arrow"
            />
          </svg>
        </li>
        <li
          aria-hidden="true"
          class="ecl-breadcrumb__segment"
          data-ecl-breadcrumb-item="expandable"
        >
          <a
            class="ecl-link ecl-link--standalone ecl-breadcrumb__link"
            href="/example"
          >
            Organisational structure
          </a>
          <svg
            aria-hidden="true"
            class="ecl-icon ecl-icon--xs ecl-icon--rotate-90 ecl-icon--inverted ecl-breadcrumb__icon"
            focusable="false"
            role="presentation"
          >
            <use
              xlink:href="static/icons.svg#ui--corner-arrow"
            />
          </svg>
        </li>
        <li
          aria-hidden="false"
          class="ecl-breadcrumb__segment"
          data-ecl-breadcrumb-item="static"
        >
          <a
            class="ecl-link ecl-link--standalone ecl-breadcrumb__link"
            href="/example"
          >
            How the Commission is organised
          </a>
          <svg
            aria-hidden="true"
            class="ecl-icon ecl-icon--xs ecl-icon--rotate-90 ecl-icon--inverted ecl-breadcrumb__icon"
            focusable="false"
            role="presentation"
          >
            <use
              xlink:href="static/icons.svg#ui--corner-arrow"
            />
          </svg>
        </li>
        <li
          aria-current="page"
          aria-hidden="false"
          class="ecl-breadcrumb__segment ecl-breadcrumb__current-page"
          data-ecl-breadcrumb-item="static"
        >
          News
        </li>
      </ol>
    </nav>
    <div
      class="ecl-page-header-standardised__meta-list"
    >
      Meta info
    </div>
    <h1
      class="ecl-page-header-standardised__title"
    >
      Page title
    </h1>
  </div>
</div>
`;

exports[`EC - Page Header Standardised meta-title renders correctly with extra attributes 1`] = `
<div
  class="ecl-page-header-standardised"
  data-test="data-test-value"
  data-test-1="data-test-value-1"
>
  <div
    class="ecl-container"
  >
    <nav
      aria-label="You are here:"
      class="ecl-breadcrumb ecl-page-header__breadcrumb-standardised"
      data-ecl-auto-init="Breadcrumb"
      data-ecl-breadcrumb="true"
    >
      <ol
        class="ecl-breadcrumb__container"
      >
        <li
          aria-hidden="false"
          class="ecl-breadcrumb__segment"
          data-ecl-breadcrumb-item="static"
        >
          <a
            class="ecl-link ecl-link--standalone ecl-breadcrumb__link"
            href="/example"
          >
            Home
          </a>
          <svg
            aria-hidden="true"
            class="ecl-icon ecl-icon--xs ecl-icon--rotate-90 ecl-icon--inverted ecl-breadcrumb__icon"
            focusable="false"
            role="presentation"
          >
            <use
              xlink:href="static/icons.svg#ui--corner-arrow"
            />
          </svg>
        </li>
        <li
          aria-hidden="false"
          class="ecl-breadcrumb__segment ecl-breadcrumb__segment--ellipsis"
          data-ecl-breadcrumb-ellipsis="true"
        >
          <button
            aria-label=""
            class="ecl-breadcrumb__ellipsis"
            data-ecl-breadcrumb-ellipsis-button="true"
            type="button"
          >
            …
          </button>
          <svg
            aria-hidden="true"
            class="ecl-icon ecl-icon--xs ecl-icon--rotate-90 ecl-icon--inverted ecl-breadcrumb__icon"
            focusable="false"
            role="presentation"
          >
            <use
              xlink:href="static/icons.svg#ui--corner-arrow"
            />
          </svg>
        </li>
        <li
          aria-hidden="true"
          class="ecl-breadcrumb__segment"
          data-ecl-breadcrumb-item="expandable"
        >
          <a
            class="ecl-link ecl-link--standalone ecl-breadcrumb__link"
            href="/example"
          >
            About the European Commission
          </a>
          <svg
            aria-hidden="true"
            class="ecl-icon ecl-icon--xs ecl-icon--rotate-90 ecl-icon--inverted ecl-breadcrumb__icon"
            focusable="false"
            role="presentation"
          >
            <use
              xlink:href="static/icons.svg#ui--corner-arrow"
            />
          </svg>
        </li>
        <li
          aria-hidden="true"
          class="ecl-breadcrumb__segment"
          data-ecl-breadcrumb-item="expandable"
        >
          <a
            class="ecl-link ecl-link--standalone ecl-breadcrumb__link"
            href="/example"
          >
            Organisational structure
          </a>
          <svg
            aria-hidden="true"
            class="ecl-icon ecl-icon--xs ecl-icon--rotate-90 ecl-icon--inverted ecl-breadcrumb__icon"
            focusable="false"
            role="presentation"
          >
            <use
              xlink:href="static/icons.svg#ui--corner-arrow"
            />
          </svg>
        </li>
        <li
          aria-hidden="false"
          class="ecl-breadcrumb__segment"
          data-ecl-breadcrumb-item="static"
        >
          <a
            class="ecl-link ecl-link--standalone ecl-breadcrumb__link"
            href="/example"
          >
            How the Commission is organised
          </a>
          <svg
            aria-hidden="true"
            class="ecl-icon ecl-icon--xs ecl-icon--rotate-90 ecl-icon--inverted ecl-breadcrumb__icon"
            focusable="false"
            role="presentation"
          >
            <use
              xlink:href="static/icons.svg#ui--corner-arrow"
            />
          </svg>
        </li>
        <li
          aria-current="page"
          aria-hidden="false"
          class="ecl-breadcrumb__segment ecl-breadcrumb__current-page"
          data-ecl-breadcrumb-item="static"
        >
          News
        </li>
      </ol>
    </nav>
    <div
      class="ecl-page-header-standardised__meta-list"
    >
      Meta info
    </div>
    <h1
      class="ecl-page-header-standardised__title"
    >
      Page title
    </h1>
  </div>
</div>
`;

exports[`EC - Page Header Standardised meta-title renders correctly with extra class names 1`] = `
<div
  class="ecl-page-header-standardised custom-class custom-class--test"
>
  <div
    class="ecl-container"
  >
    <nav
      aria-label="You are here:"
      class="ecl-breadcrumb ecl-page-header__breadcrumb-standardised"
      data-ecl-auto-init="Breadcrumb"
      data-ecl-breadcrumb="true"
    >
      <ol
        class="ecl-breadcrumb__container"
      >
        <li
          aria-hidden="false"
          class="ecl-breadcrumb__segment"
          data-ecl-breadcrumb-item="static"
        >
          <a
            class="ecl-link ecl-link--standalone ecl-breadcrumb__link"
            href="/example"
          >
            Home
          </a>
          <svg
            aria-hidden="true"
            class="ecl-icon ecl-icon--xs ecl-icon--rotate-90 ecl-icon--inverted ecl-breadcrumb__icon"
            focusable="false"
            role="presentation"
          >
            <use
              xlink:href="static/icons.svg#ui--corner-arrow"
            />
          </svg>
        </li>
        <li
          aria-hidden="false"
          class="ecl-breadcrumb__segment ecl-breadcrumb__segment--ellipsis"
          data-ecl-breadcrumb-ellipsis="true"
        >
          <button
            aria-label=""
            class="ecl-breadcrumb__ellipsis"
            data-ecl-breadcrumb-ellipsis-button="true"
            type="button"
          >
            …
          </button>
          <svg
            aria-hidden="true"
            class="ecl-icon ecl-icon--xs ecl-icon--rotate-90 ecl-icon--inverted ecl-breadcrumb__icon"
            focusable="false"
            role="presentation"
          >
            <use
              xlink:href="static/icons.svg#ui--corner-arrow"
            />
          </svg>
        </li>
        <li
          aria-hidden="true"
          class="ecl-breadcrumb__segment"
          data-ecl-breadcrumb-item="expandable"
        >
          <a
            class="ecl-link ecl-link--standalone ecl-breadcrumb__link"
            href="/example"
          >
            About the European Commission
          </a>
          <svg
            aria-hidden="true"
            class="ecl-icon ecl-icon--xs ecl-icon--rotate-90 ecl-icon--inverted ecl-breadcrumb__icon"
            focusable="false"
            role="presentation"
          >
            <use
              xlink:href="static/icons.svg#ui--corner-arrow"
            />
          </svg>
        </li>
        <li
          aria-hidden="true"
          class="ecl-breadcrumb__segment"
          data-ecl-breadcrumb-item="expandable"
        >
          <a
            class="ecl-link ecl-link--standalone ecl-breadcrumb__link"
            href="/example"
          >
            Organisational structure
          </a>
          <svg
            aria-hidden="true"
            class="ecl-icon ecl-icon--xs ecl-icon--rotate-90 ecl-icon--inverted ecl-breadcrumb__icon"
            focusable="false"
            role="presentation"
          >
            <use
              xlink:href="static/icons.svg#ui--corner-arrow"
            />
          </svg>
        </li>
        <li
          aria-hidden="false"
          class="ecl-breadcrumb__segment"
          data-ecl-breadcrumb-item="static"
        >
          <a
            class="ecl-link ecl-link--standalone ecl-breadcrumb__link"
            href="/example"
          >
            How the Commission is organised
          </a>
          <svg
            aria-hidden="true"
            class="ecl-icon ecl-icon--xs ecl-icon--rotate-90 ecl-icon--inverted ecl-breadcrumb__icon"
            focusable="false"
            role="presentation"
          >
            <use
              xlink:href="static/icons.svg#ui--corner-arrow"
            />
          </svg>
        </li>
        <li
          aria-current="page"
          aria-hidden="false"
          class="ecl-breadcrumb__segment ecl-breadcrumb__current-page"
          data-ecl-breadcrumb-item="static"
        >
          News
        </li>
      </ol>
    </nav>
    <div
      class="ecl-page-header-standardised__meta-list"
    >
      Meta info
    </div>
    <h1
      class="ecl-page-header-standardised__title"
    >
      Page title
    </h1>
  </div>
</div>
`;

exports[`EC - Page Header Standardised meta-title-description - renders correctly 1`] = `
<div
  class="ecl-page-header-standardised"
>
  <div
    class="ecl-container"
  >
    <nav
      aria-label="You are here:"
      class="ecl-breadcrumb ecl-page-header__breadcrumb-standardised"
      data-ecl-auto-init="Breadcrumb"
      data-ecl-breadcrumb="true"
    >
      <ol
        class="ecl-breadcrumb__container"
      >
        <li
          aria-hidden="false"
          class="ecl-breadcrumb__segment"
          data-ecl-breadcrumb-item="static"
        >
          <a
            class="ecl-link ecl-link--standalone ecl-breadcrumb__link"
            href="/example"
          >
            Home
          </a>
          <svg
            aria-hidden="true"
            class="ecl-icon ecl-icon--xs ecl-icon--rotate-90 ecl-icon--inverted ecl-breadcrumb__icon"
            focusable="false"
            role="presentation"
          >
            <use
              xlink:href="static/icons.svg#ui--corner-arrow"
            />
          </svg>
        </li>
        <li
          aria-hidden="false"
          class="ecl-breadcrumb__segment ecl-breadcrumb__segment--ellipsis"
          data-ecl-breadcrumb-ellipsis="true"
        >
          <button
            aria-label=""
            class="ecl-breadcrumb__ellipsis"
            data-ecl-breadcrumb-ellipsis-button="true"
            type="button"
          >
            …
          </button>
          <svg
            aria-hidden="true"
            class="ecl-icon ecl-icon--xs ecl-icon--rotate-90 ecl-icon--inverted ecl-breadcrumb__icon"
            focusable="false"
            role="presentation"
          >
            <use
              xlink:href="static/icons.svg#ui--corner-arrow"
            />
          </svg>
        </li>
        <li
          aria-hidden="true"
          class="ecl-breadcrumb__segment"
          data-ecl-breadcrumb-item="expandable"
        >
          <a
            class="ecl-link ecl-link--standalone ecl-breadcrumb__link"
            href="/example"
          >
            About the European Commission
          </a>
          <svg
            aria-hidden="true"
            class="ecl-icon ecl-icon--xs ecl-icon--rotate-90 ecl-icon--inverted ecl-breadcrumb__icon"
            focusable="false"
            role="presentation"
          >
            <use
              xlink:href="static/icons.svg#ui--corner-arrow"
            />
          </svg>
        </li>
        <li
          aria-hidden="true"
          class="ecl-breadcrumb__segment"
          data-ecl-breadcrumb-item="expandable"
        >
          <a
            class="ecl-link ecl-link--standalone ecl-breadcrumb__link"
            href="/example"
          >
            Organisational structure
          </a>
          <svg
            aria-hidden="true"
            class="ecl-icon ecl-icon--xs ecl-icon--rotate-90 ecl-icon--inverted ecl-breadcrumb__icon"
            focusable="false"
            role="presentation"
          >
            <use
              xlink:href="static/icons.svg#ui--corner-arrow"
            />
          </svg>
        </li>
        <li
          aria-hidden="false"
          class="ecl-breadcrumb__segment"
          data-ecl-breadcrumb-item="static"
        >
          <a
            class="ecl-link ecl-link--standalone ecl-breadcrumb__link"
            href="/example"
          >
            How the Commission is organised
          </a>
          <svg
            aria-hidden="true"
            class="ecl-icon ecl-icon--xs ecl-icon--rotate-90 ecl-icon--inverted ecl-breadcrumb__icon"
            focusable="false"
            role="presentation"
          >
            <use
              xlink:href="static/icons.svg#ui--corner-arrow"
            />
          </svg>
        </li>
        <li
          aria-current="page"
          aria-hidden="false"
          class="ecl-breadcrumb__segment ecl-breadcrumb__current-page"
          data-ecl-breadcrumb-item="static"
        >
          News
        </li>
      </ol>
    </nav>
    <div
      class="ecl-page-header-standardised__meta-list"
    >
      Meta info
    </div>
    <h1
      class="ecl-page-header-standardised__title"
    >
      Page title
    </h1>
    <p
      class="ecl-page-header__description"
    >
      Sed ut perspiciatis unde omnis iste natus error sit voluptatem accusantium doloremque laudantium
    </p>
  </div>
</div>
`;

exports[`EC - Page Header Standardised meta-title-description renders correctly with extra attributes 1`] = `
<div
  class="ecl-page-header-standardised"
  data-test="data-test-value"
  data-test-1="data-test-value-1"
>
  <div
    class="ecl-container"
  >
    <nav
      aria-label="You are here:"
      class="ecl-breadcrumb ecl-page-header__breadcrumb-standardised"
      data-ecl-auto-init="Breadcrumb"
      data-ecl-breadcrumb="true"
    >
      <ol
        class="ecl-breadcrumb__container"
      >
        <li
          aria-hidden="false"
          class="ecl-breadcrumb__segment"
          data-ecl-breadcrumb-item="static"
        >
          <a
            class="ecl-link ecl-link--standalone ecl-breadcrumb__link"
            href="/example"
          >
            Home
          </a>
          <svg
            aria-hidden="true"
            class="ecl-icon ecl-icon--xs ecl-icon--rotate-90 ecl-icon--inverted ecl-breadcrumb__icon"
            focusable="false"
            role="presentation"
          >
            <use
              xlink:href="static/icons.svg#ui--corner-arrow"
            />
          </svg>
        </li>
        <li
          aria-hidden="false"
          class="ecl-breadcrumb__segment ecl-breadcrumb__segment--ellipsis"
          data-ecl-breadcrumb-ellipsis="true"
        >
          <button
            aria-label=""
            class="ecl-breadcrumb__ellipsis"
            data-ecl-breadcrumb-ellipsis-button="true"
            type="button"
          >
            …
          </button>
          <svg
            aria-hidden="true"
            class="ecl-icon ecl-icon--xs ecl-icon--rotate-90 ecl-icon--inverted ecl-breadcrumb__icon"
            focusable="false"
            role="presentation"
          >
            <use
              xlink:href="static/icons.svg#ui--corner-arrow"
            />
          </svg>
        </li>
        <li
          aria-hidden="true"
          class="ecl-breadcrumb__segment"
          data-ecl-breadcrumb-item="expandable"
        >
          <a
            class="ecl-link ecl-link--standalone ecl-breadcrumb__link"
            href="/example"
          >
            About the European Commission
          </a>
          <svg
            aria-hidden="true"
            class="ecl-icon ecl-icon--xs ecl-icon--rotate-90 ecl-icon--inverted ecl-breadcrumb__icon"
            focusable="false"
            role="presentation"
          >
            <use
              xlink:href="static/icons.svg#ui--corner-arrow"
            />
          </svg>
        </li>
        <li
          aria-hidden="true"
          class="ecl-breadcrumb__segment"
          data-ecl-breadcrumb-item="expandable"
        >
          <a
            class="ecl-link ecl-link--standalone ecl-breadcrumb__link"
            href="/example"
          >
            Organisational structure
          </a>
          <svg
            aria-hidden="true"
            class="ecl-icon ecl-icon--xs ecl-icon--rotate-90 ecl-icon--inverted ecl-breadcrumb__icon"
            focusable="false"
            role="presentation"
          >
            <use
              xlink:href="static/icons.svg#ui--corner-arrow"
            />
          </svg>
        </li>
        <li
          aria-hidden="false"
          class="ecl-breadcrumb__segment"
          data-ecl-breadcrumb-item="static"
        >
          <a
            class="ecl-link ecl-link--standalone ecl-breadcrumb__link"
            href="/example"
          >
            How the Commission is organised
          </a>
          <svg
            aria-hidden="true"
            class="ecl-icon ecl-icon--xs ecl-icon--rotate-90 ecl-icon--inverted ecl-breadcrumb__icon"
            focusable="false"
            role="presentation"
          >
            <use
              xlink:href="static/icons.svg#ui--corner-arrow"
            />
          </svg>
        </li>
        <li
          aria-current="page"
          aria-hidden="false"
          class="ecl-breadcrumb__segment ecl-breadcrumb__current-page"
          data-ecl-breadcrumb-item="static"
        >
          News
        </li>
      </ol>
    </nav>
    <div
      class="ecl-page-header-standardised__meta-list"
    >
      Meta info
    </div>
    <h1
      class="ecl-page-header-standardised__title"
    >
      Page title
    </h1>
    <p
      class="ecl-page-header__description"
    >
      Sed ut perspiciatis unde omnis iste natus error sit voluptatem accusantium doloremque laudantium
    </p>
  </div>
</div>
`;

exports[`EC - Page Header Standardised meta-title-description renders correctly with extra class names 1`] = `
<div
  class="ecl-page-header-standardised custom-class custom-class--test"
>
  <div
    class="ecl-container"
  >
    <nav
      aria-label="You are here:"
      class="ecl-breadcrumb ecl-page-header__breadcrumb-standardised"
      data-ecl-auto-init="Breadcrumb"
      data-ecl-breadcrumb="true"
    >
      <ol
        class="ecl-breadcrumb__container"
      >
        <li
          aria-hidden="false"
          class="ecl-breadcrumb__segment"
          data-ecl-breadcrumb-item="static"
        >
          <a
            class="ecl-link ecl-link--standalone ecl-breadcrumb__link"
            href="/example"
          >
            Home
          </a>
          <svg
            aria-hidden="true"
            class="ecl-icon ecl-icon--xs ecl-icon--rotate-90 ecl-icon--inverted ecl-breadcrumb__icon"
            focusable="false"
            role="presentation"
          >
            <use
              xlink:href="static/icons.svg#ui--corner-arrow"
            />
          </svg>
        </li>
        <li
          aria-hidden="false"
          class="ecl-breadcrumb__segment ecl-breadcrumb__segment--ellipsis"
          data-ecl-breadcrumb-ellipsis="true"
        >
          <button
            aria-label=""
            class="ecl-breadcrumb__ellipsis"
            data-ecl-breadcrumb-ellipsis-button="true"
            type="button"
          >
            …
          </button>
          <svg
            aria-hidden="true"
            class="ecl-icon ecl-icon--xs ecl-icon--rotate-90 ecl-icon--inverted ecl-breadcrumb__icon"
            focusable="false"
            role="presentation"
          >
            <use
              xlink:href="static/icons.svg#ui--corner-arrow"
            />
          </svg>
        </li>
        <li
          aria-hidden="true"
          class="ecl-breadcrumb__segment"
          data-ecl-breadcrumb-item="expandable"
        >
          <a
            class="ecl-link ecl-link--standalone ecl-breadcrumb__link"
            href="/example"
          >
            About the European Commission
          </a>
          <svg
            aria-hidden="true"
            class="ecl-icon ecl-icon--xs ecl-icon--rotate-90 ecl-icon--inverted ecl-breadcrumb__icon"
            focusable="false"
            role="presentation"
          >
            <use
              xlink:href="static/icons.svg#ui--corner-arrow"
            />
          </svg>
        </li>
        <li
          aria-hidden="true"
          class="ecl-breadcrumb__segment"
          data-ecl-breadcrumb-item="expandable"
        >
          <a
            class="ecl-link ecl-link--standalone ecl-breadcrumb__link"
            href="/example"
          >
            Organisational structure
          </a>
          <svg
            aria-hidden="true"
            class="ecl-icon ecl-icon--xs ecl-icon--rotate-90 ecl-icon--inverted ecl-breadcrumb__icon"
            focusable="false"
            role="presentation"
          >
            <use
              xlink:href="static/icons.svg#ui--corner-arrow"
            />
          </svg>
        </li>
        <li
          aria-hidden="false"
          class="ecl-breadcrumb__segment"
          data-ecl-breadcrumb-item="static"
        >
          <a
            class="ecl-link ecl-link--standalone ecl-breadcrumb__link"
            href="/example"
          >
            How the Commission is organised
          </a>
          <svg
            aria-hidden="true"
            class="ecl-icon ecl-icon--xs ecl-icon--rotate-90 ecl-icon--inverted ecl-breadcrumb__icon"
            focusable="false"
            role="presentation"
          >
            <use
              xlink:href="static/icons.svg#ui--corner-arrow"
            />
          </svg>
        </li>
        <li
          aria-current="page"
          aria-hidden="false"
          class="ecl-breadcrumb__segment ecl-breadcrumb__current-page"
          data-ecl-breadcrumb-item="static"
        >
          News
        </li>
      </ol>
    </nav>
    <div
      class="ecl-page-header-standardised__meta-list"
    >
      Meta info
    </div>
    <h1
      class="ecl-page-header-standardised__title"
    >
      Page title
    </h1>
    <p
      class="ecl-page-header__description"
    >
      Sed ut perspiciatis unde omnis iste natus error sit voluptatem accusantium doloremque laudantium
    </p>
  </div>
</div>
`;

exports[`EC - Page Header Standardised title - renders correctly 1`] = `
<div
  class="ecl-page-header-standardised"
>
  <div
    class="ecl-container"
  >
    <nav
      aria-label="You are here:"
      class="ecl-breadcrumb ecl-page-header__breadcrumb-standardised"
      data-ecl-auto-init="Breadcrumb"
      data-ecl-breadcrumb="true"
    >
      <ol
        class="ecl-breadcrumb__container"
      >
        <li
          aria-hidden="false"
          class="ecl-breadcrumb__segment"
          data-ecl-breadcrumb-item="static"
        >
          <a
            class="ecl-link ecl-link--standalone ecl-breadcrumb__link"
            href="/example"
          >
            Home
          </a>
          <svg
            aria-hidden="true"
            class="ecl-icon ecl-icon--xs ecl-icon--rotate-90 ecl-icon--inverted ecl-breadcrumb__icon"
            focusable="false"
            role="presentation"
          >
            <use
              xlink:href="static/icons.svg#ui--corner-arrow"
            />
          </svg>
        </li>
        <li
          aria-hidden="false"
          class="ecl-breadcrumb__segment ecl-breadcrumb__segment--ellipsis"
          data-ecl-breadcrumb-ellipsis="true"
        >
          <button
            aria-label=""
            class="ecl-breadcrumb__ellipsis"
            data-ecl-breadcrumb-ellipsis-button="true"
            type="button"
          >
            …
          </button>
          <svg
            aria-hidden="true"
            class="ecl-icon ecl-icon--xs ecl-icon--rotate-90 ecl-icon--inverted ecl-breadcrumb__icon"
            focusable="false"
            role="presentation"
          >
            <use
              xlink:href="static/icons.svg#ui--corner-arrow"
            />
          </svg>
        </li>
        <li
          aria-hidden="true"
          class="ecl-breadcrumb__segment"
          data-ecl-breadcrumb-item="expandable"
        >
          <a
            class="ecl-link ecl-link--standalone ecl-breadcrumb__link"
            href="/example"
          >
            About the European Commission
          </a>
          <svg
            aria-hidden="true"
            class="ecl-icon ecl-icon--xs ecl-icon--rotate-90 ecl-icon--inverted ecl-breadcrumb__icon"
            focusable="false"
            role="presentation"
          >
            <use
              xlink:href="static/icons.svg#ui--corner-arrow"
            />
          </svg>
        </li>
        <li
          aria-hidden="true"
          class="ecl-breadcrumb__segment"
          data-ecl-breadcrumb-item="expandable"
        >
          <a
            class="ecl-link ecl-link--standalone ecl-breadcrumb__link"
            href="/example"
          >
            Organisational structure
          </a>
          <svg
            aria-hidden="true"
            class="ecl-icon ecl-icon--xs ecl-icon--rotate-90 ecl-icon--inverted ecl-breadcrumb__icon"
            focusable="false"
            role="presentation"
          >
            <use
              xlink:href="static/icons.svg#ui--corner-arrow"
            />
          </svg>
        </li>
        <li
          aria-hidden="false"
          class="ecl-breadcrumb__segment"
          data-ecl-breadcrumb-item="static"
        >
          <a
            class="ecl-link ecl-link--standalone ecl-breadcrumb__link"
            href="/example"
          >
            How the Commission is organised
          </a>
          <svg
            aria-hidden="true"
            class="ecl-icon ecl-icon--xs ecl-icon--rotate-90 ecl-icon--inverted ecl-breadcrumb__icon"
            focusable="false"
            role="presentation"
          >
            <use
              xlink:href="static/icons.svg#ui--corner-arrow"
            />
          </svg>
        </li>
        <li
          aria-current="page"
          aria-hidden="false"
          class="ecl-breadcrumb__segment ecl-breadcrumb__current-page"
          data-ecl-breadcrumb-item="static"
        >
          News
        </li>
      </ol>
    </nav>
    <h1
      class="ecl-page-header-standardised__title"
    >
      Page title
    </h1>
  </div>
</div>
`;

exports[`EC - Page Header Standardised title renders correctly with extra attributes 1`] = `
<div
  class="ecl-page-header-standardised"
  data-test="data-test-value"
  data-test-1="data-test-value-1"
>
  <div
    class="ecl-container"
  >
    <nav
      aria-label="You are here:"
      class="ecl-breadcrumb ecl-page-header__breadcrumb-standardised"
      data-ecl-auto-init="Breadcrumb"
      data-ecl-breadcrumb="true"
    >
      <ol
        class="ecl-breadcrumb__container"
      >
        <li
          aria-hidden="false"
          class="ecl-breadcrumb__segment"
          data-ecl-breadcrumb-item="static"
        >
          <a
            class="ecl-link ecl-link--standalone ecl-breadcrumb__link"
            href="/example"
          >
            Home
          </a>
          <svg
            aria-hidden="true"
            class="ecl-icon ecl-icon--xs ecl-icon--rotate-90 ecl-icon--inverted ecl-breadcrumb__icon"
            focusable="false"
            role="presentation"
          >
            <use
              xlink:href="static/icons.svg#ui--corner-arrow"
            />
          </svg>
        </li>
        <li
          aria-hidden="false"
          class="ecl-breadcrumb__segment ecl-breadcrumb__segment--ellipsis"
          data-ecl-breadcrumb-ellipsis="true"
        >
          <button
            aria-label=""
            class="ecl-breadcrumb__ellipsis"
            data-ecl-breadcrumb-ellipsis-button="true"
            type="button"
          >
            …
          </button>
          <svg
            aria-hidden="true"
            class="ecl-icon ecl-icon--xs ecl-icon--rotate-90 ecl-icon--inverted ecl-breadcrumb__icon"
            focusable="false"
            role="presentation"
          >
            <use
              xlink:href="static/icons.svg#ui--corner-arrow"
            />
          </svg>
        </li>
        <li
          aria-hidden="true"
          class="ecl-breadcrumb__segment"
          data-ecl-breadcrumb-item="expandable"
        >
          <a
            class="ecl-link ecl-link--standalone ecl-breadcrumb__link"
            href="/example"
          >
            About the European Commission
          </a>
          <svg
            aria-hidden="true"
            class="ecl-icon ecl-icon--xs ecl-icon--rotate-90 ecl-icon--inverted ecl-breadcrumb__icon"
            focusable="false"
            role="presentation"
          >
            <use
              xlink:href="static/icons.svg#ui--corner-arrow"
            />
          </svg>
        </li>
        <li
          aria-hidden="true"
          class="ecl-breadcrumb__segment"
          data-ecl-breadcrumb-item="expandable"
        >
          <a
            class="ecl-link ecl-link--standalone ecl-breadcrumb__link"
            href="/example"
          >
            Organisational structure
          </a>
          <svg
            aria-hidden="true"
            class="ecl-icon ecl-icon--xs ecl-icon--rotate-90 ecl-icon--inverted ecl-breadcrumb__icon"
            focusable="false"
            role="presentation"
          >
            <use
              xlink:href="static/icons.svg#ui--corner-arrow"
            />
          </svg>
        </li>
        <li
          aria-hidden="false"
          class="ecl-breadcrumb__segment"
          data-ecl-breadcrumb-item="static"
        >
          <a
            class="ecl-link ecl-link--standalone ecl-breadcrumb__link"
            href="/example"
          >
            How the Commission is organised
          </a>
          <svg
            aria-hidden="true"
            class="ecl-icon ecl-icon--xs ecl-icon--rotate-90 ecl-icon--inverted ecl-breadcrumb__icon"
            focusable="false"
            role="presentation"
          >
            <use
              xlink:href="static/icons.svg#ui--corner-arrow"
            />
          </svg>
        </li>
        <li
          aria-current="page"
          aria-hidden="false"
          class="ecl-breadcrumb__segment ecl-breadcrumb__current-page"
          data-ecl-breadcrumb-item="static"
        >
          News
        </li>
      </ol>
    </nav>
    <h1
      class="ecl-page-header-standardised__title"
    >
      Page title
    </h1>
  </div>
</div>
`;

exports[`EC - Page Header Standardised title renders correctly with extra class names 1`] = `
<div
  class="ecl-page-header-standardised custom-class custom-class--test"
>
  <div
    class="ecl-container"
  >
    <nav
      aria-label="You are here:"
      class="ecl-breadcrumb ecl-page-header__breadcrumb-standardised"
      data-ecl-auto-init="Breadcrumb"
      data-ecl-breadcrumb="true"
    >
      <ol
        class="ecl-breadcrumb__container"
      >
        <li
          aria-hidden="false"
          class="ecl-breadcrumb__segment"
          data-ecl-breadcrumb-item="static"
        >
          <a
            class="ecl-link ecl-link--standalone ecl-breadcrumb__link"
            href="/example"
          >
            Home
          </a>
          <svg
            aria-hidden="true"
            class="ecl-icon ecl-icon--xs ecl-icon--rotate-90 ecl-icon--inverted ecl-breadcrumb__icon"
            focusable="false"
            role="presentation"
          >
            <use
              xlink:href="static/icons.svg#ui--corner-arrow"
            />
          </svg>
        </li>
        <li
          aria-hidden="false"
          class="ecl-breadcrumb__segment ecl-breadcrumb__segment--ellipsis"
          data-ecl-breadcrumb-ellipsis="true"
        >
          <button
            aria-label=""
            class="ecl-breadcrumb__ellipsis"
            data-ecl-breadcrumb-ellipsis-button="true"
            type="button"
          >
            …
          </button>
          <svg
            aria-hidden="true"
            class="ecl-icon ecl-icon--xs ecl-icon--rotate-90 ecl-icon--inverted ecl-breadcrumb__icon"
            focusable="false"
            role="presentation"
          >
            <use
              xlink:href="static/icons.svg#ui--corner-arrow"
            />
          </svg>
        </li>
        <li
          aria-hidden="true"
          class="ecl-breadcrumb__segment"
          data-ecl-breadcrumb-item="expandable"
        >
          <a
            class="ecl-link ecl-link--standalone ecl-breadcrumb__link"
            href="/example"
          >
            About the European Commission
          </a>
          <svg
            aria-hidden="true"
            class="ecl-icon ecl-icon--xs ecl-icon--rotate-90 ecl-icon--inverted ecl-breadcrumb__icon"
            focusable="false"
            role="presentation"
          >
            <use
              xlink:href="static/icons.svg#ui--corner-arrow"
            />
          </svg>
        </li>
        <li
          aria-hidden="true"
          class="ecl-breadcrumb__segment"
          data-ecl-breadcrumb-item="expandable"
        >
          <a
            class="ecl-link ecl-link--standalone ecl-breadcrumb__link"
            href="/example"
          >
            Organisational structure
          </a>
          <svg
            aria-hidden="true"
            class="ecl-icon ecl-icon--xs ecl-icon--rotate-90 ecl-icon--inverted ecl-breadcrumb__icon"
            focusable="false"
            role="presentation"
          >
            <use
              xlink:href="static/icons.svg#ui--corner-arrow"
            />
          </svg>
        </li>
        <li
          aria-hidden="false"
          class="ecl-breadcrumb__segment"
          data-ecl-breadcrumb-item="static"
        >
          <a
            class="ecl-link ecl-link--standalone ecl-breadcrumb__link"
            href="/example"
          >
            How the Commission is organised
          </a>
          <svg
            aria-hidden="true"
            class="ecl-icon ecl-icon--xs ecl-icon--rotate-90 ecl-icon--inverted ecl-breadcrumb__icon"
            focusable="false"
            role="presentation"
          >
            <use
              xlink:href="static/icons.svg#ui--corner-arrow"
            />
          </svg>
        </li>
        <li
          aria-current="page"
          aria-hidden="false"
          class="ecl-breadcrumb__segment ecl-breadcrumb__current-page"
          data-ecl-breadcrumb-item="static"
        >
          News
        </li>
      </ol>
    </nav>
    <h1
      class="ecl-page-header-standardised__title"
    >
      Page title
    </h1>
  </div>
</div>
`;
