// Jest Snapshot v1, https://goo.gl/fbAQLP

exports[`EC - Social Media Share Default view renders correctly 1`] = `
"<div class=\\"ecl-social-media-share\\">
  <p class=\\"ecl-social-media-share__description\\">Share this page</p>
  <ul class=\\"ecl-social-media-share__list\\">
    <li class=\\"ecl-social-media-share__item\\">
      <a
        href=\\"/example\\"
        class=\\"ecl-social-media-share__link ecl-link ecl-link--standalone ecl-social-media-share__link--twitter ecl-link--icon ecl-link--icon-before\\"
        ><svg
          focusable=\\"false\\"
          aria-hidden=\\"true\\"
          class=\\"ecl-link__icon ecl-icon ecl-icon--xl ecl-social-media-share__icon\\"
        >
          <use xlink:href=\\"example#twitter\\" /></svg
        ><svg
          focusable=\\"false\\"
          aria-hidden=\\"true\\"
          class=\\"ecl-link__icon ecl-icon ecl-icon--xl ecl-social-media-share__icon-hover\\"
        >
          <use xlink:href=\\"example#twitter_hover\\" />
        </svg>
        &nbsp;<span class=\\"ecl-link__label\\">Twitter</span></a
      >
    </li>
    <li class=\\"ecl-social-media-share__item\\">
      <a
        href=\\"/example\\"
        class=\\"ecl-social-media-share__link ecl-link ecl-link--standalone ecl-social-media-share__link--facebook ecl-link--icon ecl-link--icon-before\\"
        ><svg
          focusable=\\"false\\"
          aria-hidden=\\"true\\"
          class=\\"ecl-link__icon ecl-icon ecl-icon--xl ecl-social-media-share__icon\\"
        >
          <use xlink:href=\\"example#facebook\\" /></svg
        ><svg
          focusable=\\"false\\"
          aria-hidden=\\"true\\"
          class=\\"ecl-link__icon ecl-icon ecl-icon--xl ecl-social-media-share__icon-hover\\"
        >
          <use xlink:href=\\"example#facebook_hover\\" />
        </svg>
        &nbsp;<span class=\\"ecl-link__label\\">Facebook</span></a
      >
    </li>
    <li class=\\"ecl-social-media-share__item\\">
      <a
        href=\\"/example\\"
        class=\\"ecl-social-media-share__link ecl-link ecl-link--standalone ecl-social-media-share__link--linkedin ecl-link--icon ecl-link--icon-before\\"
        ><svg
          focusable=\\"false\\"
          aria-hidden=\\"true\\"
          class=\\"ecl-link__icon ecl-icon ecl-icon--xl ecl-social-media-share__icon\\"
        >
          <use xlink:href=\\"example#linkedin\\" /></svg
        ><svg
          focusable=\\"false\\"
          aria-hidden=\\"true\\"
          class=\\"ecl-link__icon ecl-icon ecl-icon--xl ecl-social-media-share__icon-hover\\"
        >
          <use xlink:href=\\"example#linkedin_hover\\" />
        </svg>
        &nbsp;<span class=\\"ecl-link__label\\">Linkedin</span></a
      >
    </li>
    <li class=\\"ecl-social-media-share__item\\">
      <a
        href=\\"/example\\"
        class=\\"ecl-social-media-share__link ecl-link ecl-link--standalone ecl-social-media-share__link--google ecl-link--icon ecl-link--icon-before\\"
        ><svg
          focusable=\\"false\\"
          aria-hidden=\\"true\\"
          class=\\"ecl-link__icon ecl-icon ecl-icon--xl ecl-social-media-share__icon\\"
        >
          <use xlink:href=\\"example#gplus\\" /></svg
        ><svg
          focusable=\\"false\\"
          aria-hidden=\\"true\\"
          class=\\"ecl-link__icon ecl-icon ecl-icon--xl ecl-social-media-share__icon-hover\\"
        >
          <use xlink:href=\\"example#gplus_hover\\" />
        </svg>
        &nbsp;<span class=\\"ecl-link__label\\">Google+</span></a
      >
    </li>
    <li class=\\"ecl-social-media-share__item\\">
      <a
        href=\\"/example\\"
        class=\\"ecl-social-media-share__link ecl-link ecl-link--standalone ecl-social-media-share__link--email ecl-link--icon ecl-link--icon-before\\"
        ><svg
          focusable=\\"false\\"
          aria-hidden=\\"true\\"
          class=\\"ecl-link__icon ecl-icon ecl-icon--xl ecl-social-media-share__icon\\"
        >
          <use xlink:href=\\"example#email\\" /></svg
        ><svg
          focusable=\\"false\\"
          aria-hidden=\\"true\\"
          class=\\"ecl-link__icon ecl-icon ecl-icon--xl ecl-social-media-share__icon-hover\\"
        >
          <use xlink:href=\\"example#email_hover\\" />
        </svg>
        &nbsp;<span class=\\"ecl-link__label\\">E-mail</span></a
      >
    </li>
    <li class=\\"ecl-social-media-share__item\\">
      <a
        href=\\"/example\\"
        class=\\"ecl-social-media-share__link ecl-link ecl-link--standalone\\"
        >&nbsp;<span class=\\"ecl-link__label\\">Other social networks</span></a
      >
    </li>
  </ul>
</div>
"
`;
